// Vitest Snapshot v1, https://vitest.dev/guide/snapshot.html

exports[`LRU Cache > snapshot 1`] = `
{
  "foo": "bar",
}
`;

exports[`LRU Cache name > snapshot 1`] = `
{
  "foo": "bar",
}
`;

exports[`suite name > snapshot 1`] = `
{
  "foo": "bar",
}
`;
